Errrors